[web.archive.org/web/20150702103123/http_/www.incredibox.com/v1.html]
[web-static.archive.org/_static/js/bundle-playback8833.js]
[web-static.archive.org/_static/js/wombat9b8c.js]
[web-static.archive.org/_static/js/ruffle/ruffle.js]
[backblue.gif]
[fade.gif]
[index.html]
[web.archive.org/web/20150705011919cs_/http_/www.incredibox.com/css/site.css]
[web.archive.org/web/20150705011918js_/http_/www.incredibox.com/js/jquery-1.11.1.min.js]
[web.archive.org/web/20150705011918js_/http_/www.incredibox.com/js/TweenMax.min.js]
[web.archive.org/web/20150705011921js_/http_/www.incredibox.com/js/easing/EasePack.min.js]
[web.archive.org/web/20150707121643js_/http_/www.incredibox.com/js/swfobject.js]
[web.archive.org/web/20150705011920js_/http_/www.incredibox.com/js/site.js]
[web.archive.org/web/20150705011921js_/http_/www.incredibox.com/js/fuckadblock.js]
[web.archive.org/web/20150702103121/https_/www.google-analytics.com/analytics.js]
[web.archive.org/web/20150702103520js_/http_/pagead2.googlesyndication.com/pagead/js/f.txt]
[web.archive.org/web/20150702103123/http_/www.incredibox.com/v1.html]
[web-static.archive.org/_static/css/banner-styles52e6.css]
[web-static.archive.org/_static/css/iconochive8307.css]
[web.archive.org/web/20150705023550im_/http_/www.incredibox.com/img/mini-warning.png]
[web.archive.org/web/20150705023552im_/http_/www.incredibox.com/img/menu-bandeau.png]
[web.archive.org/web/20150705023554im_/http_/www.incredibox.com/img/picto-head.png]
[web.archive.org/web/20150705023555im_/http_/www.incredibox.com/img/picto-top50.png]
[web.archive.org/web/20150705023549im_/http_/www.incredibox.com/img/picto-goodies.png]
[web.archive.org/web/20150705023551im_/http_/www.incredibox.com/img/picto-shop.png]
[web.archive.org/web/20150705023549im_/http_/www.incredibox.com/img/menu-bandeau-bleu.png]
[web.archive.org/web/20150705023553im_/http_/www.incredibox.com/img/sprite-share.png]
[web.archive.org/web/20150705023547im_/http_/www.incredibox.com/img/spot-info.png]
[web.archive.org/web/20150705023556im_/http_/www.incredibox.com/img/title-note.png]
[web.archive.org/web/20150705023546im_/http_/www.incredibox.com/img/header-home.jpg]
[web.archive.org/web/20150705023556im_/http_/www.incredibox.com/img/header-top50.jpg]
[web.archive.org/web/20150705023556im_/http_/www.incredibox.com/img/header-goodies.jpg]
[web.archive.org/web/20150705023550im_/http_/www.incredibox.com/img/header-shop.jpg]
[web.archive.org/web/20150705023551im_/http_/www.incredibox.com/img/header-download.jpg]
[web.archive.org/web/20150705023554im_/http_/www.incredibox.com/img/header-v1.jpg]
[web.archive.org/web/20150705023557im_/http_/www.incredibox.com/img/header-v2.jpg]
[web.archive.org/web/20150705023553im_/http_/www.incredibox.com/img/header-v3.jpg]
[web.archive.org/web/20150705023552im_/http_/www.incredibox.com/img/header-v4.jpg]
[web.archive.org/web/20150705023551im_/http_/www.incredibox.com/img/home-v.png]
[web.archive.org/web/20150705023553im_/http_/www.incredibox.com/img/picto-stats.png]
[web.archive.org/web/20150705023551im_/http_/www.incredibox.com/img/nav-best.png]
[web.archive.org/web/20150705023554im_/http_/www.incredibox.com/img/sprite-follow-big.png]
[web.archive.org/web/20150705023557im_/http_/www.incredibox.com/img/logo-fp.gif]
[web.archive.org/web/20150705023549im_/http_/www.incredibox.com/img/ic-mail.png]
[web.archive.org/web/20150705023554im_/http_/www.incredibox.com/img/ic-like.png]
[web.archive.org/web/20150705023555im_/http_/www.incredibox.com/img/ic-check.png]
[web.archive.org/web/20150705023548im_/http_/www.incredibox.com/img/ic-mix.png]
[web.archive.org/web/20150705023549im_/http_/www.incredibox.com/img/ic-download.png]
[web.archive.org/web/20150705023555im_/http_/www.incredibox.com/img/sprite-follow.png]
[web.archive.org/web/20150705023547im_/http_/www.incredibox.com/img/logo-mailjet.png]
[web.archive.org/web/20150705023547im_/http_/www.incredibox.com/img/ic-close.png]
[web.archive.org/web/20150705023555im_/http_/www.incredibox.com/img/sprite-play.png]
[web.archive.org/web/20150705023550im_/http_/www.incredibox.com/img/ic-left.png]
[web.archive.org/web/20150705023545im_/http_/www.incredibox.com/img/ic-right.png]
[web.archive.org/web/20150705023557im_/http_/www.incredibox.com/img/spot-why.png]
[web.archive.org/web/20150705023552im_/http_/www.incredibox.com/img/spot-star.png]
[web.archive.org/web/20150705023546im_/http_/www.incredibox.com/img/ic-coeur.png]
[web.archive.org/web/20150705023545im_/http_/www.incredibox.com/img/ic-oeil.png]
[web.archive.org/web/20150705023546im_/http_/www.incredibox.com/img/line-like.png]
[web.archive.org/web/20150705023558im_/http_/www.incredibox.com/img/line-cup.png]
[web.archive.org/web/20150705023549im_/http_/www.incredibox.com/img/line-view.png]
[web.archive.org/web/20150705023550im_/http_/www.incredibox.com/img/sprite-share-top50.png]
[web.archive.org/web/20150705023548im_/http_/www.incredibox.com/img/ic-search.png]
[web.archive.org/web/20150705023547im_/http_/www.incredibox.com/img/ic-clear.png]
[web.archive.org/web/20150705023548im_/http_/www.incredibox.com/img/mini-preload.gif]
[web.archive.org/web/20150705023548im_/http_/www.incredibox.com/img/bt-next.png]
[web.archive.org/web/20150705023558im_/http_/www.incredibox.com/img/bt-prev.png]
[web.archive.org/web/20150705023558im_/http_/www.incredibox.com/img/shop-eu.jpg]
[web.archive.org/web/20150705023556im_/http_/www.incredibox.com/img/shop-usa.jpg]
[web.archive.org/web/20150705023556im_/http_/www.incredibox.com/img/dl-mix.png]
[web.archive.org/web/20150705023546im_/http_/www.incredibox.com/img/download/paypal-secure.png]
[web.archive.org/web/20150705023558im_/http_/www.incredibox.com/img/download/step.png]
[web.archive.org/web/20150705023552im_/http_/www.incredibox.com/img/spot-buy.png]
[web.archive.org/web/20150705023548im_/http_/www.incredibox.com/img/download/paypal-lock.png]
[web.archive.org/web/20150705023548im_/http_/www.incredibox.com/img/download/paypal-unlock.png]
[web.archive.org/web/20150705023553im_/http_/www.incredibox.com/img/header-info.jpg]
[web.archive.org/web/20150705011919cs_/http_/www.incredibox.com/css/site.css]
[web.archive.org/web/20150702103123/http_/www.incredibox.com/index.html]
[web.archive.org/web/20150702100817/https_/connect.facebook.net/fr_FR/sdk.js]
[web-static.archive.org/_static/css/record.css]
[web.archive.org/web/20150705023548im_/http_/www.incredibox.com/img/bt-next.html]
[web.archive.org/web/20150705023558im_/http_/www.incredibox.com/img/bt-prev.html]
[web.archive.org/web/20150702103123/http_/www.incredibox.com/dialog/index.html]
[web.archive.org/web/20150702103123/http_/www.incredibox.com/ABCDEFGHIJKLMNOPQRSTUVWXYZabcdefghijklmnopqrstuvwxyz0123456789+/index.html]
[web.archive.org/web/20150702103123/http_/www.incredibox.com/ABCDEFGHIJKLMNOPQRSTUVWXYZabcdefghijklmnopqrstuvwxyz0123456789+/index.html]
[web.archive.org/web/20150702103123/http_/www.incredibox.com/dialog/index.html]
[web.archive.org/web/20150702103123/http_/www.incredibox.com/%s/profile4d6d.html]
